Godot Engine v4.4.1.stable.official.49a5bc7b6 - https://godotengine.org
Vulkan 1.3.215 - Forward+ - Using Device #0: Intel - Intel(R) UHD Graphics 630

[Chat] Chat system initialized
[ShopPanel] Complete shop panel initialized with 22 items
[PlayerHud] Minimap moved down 40px
[PlayerHud] Skill panel created successfully!
[PlayerManager] Loading player scene: res://Player/swordsman.tscn
[PauseMenu] ✓ Connected InventoryUI to PlayerManager.INVENTORY_DATA
[PauseMenu] ✓ Inventory has 24 slots
quests count: 3
[EntityManager] Running in SERVER mode
[DatabaseJSON] Loaded 0 player accounts
[DatabaseJSON] Server storage initialized
[PartyManager] Initialized
[LogoutManager] Initialized - Logout: 30s, Reconnect: 60s
[LogoutCountdown] Ready
[PartyManager] Initialized
[ZoneManager] Initialized
[TitleScene] God selection panel created successfully
[PlayerCamera] Limits applied - Left: -128 Top: -64 Right: 608 Bottom: 352
[Abilities] Warning: GodSkills node not found
[InventoryUI] ========== UPDATE INVENTORY ==========
[InventoryUI] Data resource: <Resource#-9223371961441188380>
[InventoryUI] Data slots count: 24
[InventoryUI] Inventory slots to display: 20
[InventoryUI] Non-null slots: 0
[InventoryUI] ========== UPDATE INVENTORY ==========
[InventoryUI] Data resource: <Resource#-9223371961441188380>
[InventoryUI] Data slots count: 24
[InventoryUI] Inventory slots to display: 20
[InventoryUI] Non-null slots: 0
[SaveManager] Level loaded, online_mode:false
[SaveManager] Level loaded, online_mode:false
[HudIconButtons] Connected to PauseMenu hidden signal
[HudIconButtons] Icon buttons ready - individual panel mode
[PartyInvite] Ready and listening for invites
[PartyViewer] Ready and listening for party events
[GlobalPartyUI] Popup and viewer added to PlayerHud
[GlobalPartyUI] Party UI instantiated and added to scene tree
[FriendManager] ========== INITIALIZING ==========
[FriendManager] Found GlobalNetworkManager
[FriendManager] ✓ Connected to connected_to_server signal
[FriendManager] ✓ Connected to friend_request signal
[FriendManager] Starting delayed friend list load...
[FriendManager] Still waiting for player_id... (0s)
[FriendManager] Still waiting for player_id... (1s)
[FriendManager] Still waiting for player_id... (2s)
[FriendManager] Still waiting for player_id... (3s)
[FriendManager] Still waiting for player_id... (4s)
[FriendManager] Timeout waiting for player_id
[InventoryData] get_save_data called - 0 non-empty slots out of 24
[SaveManager] ========== SAVING INVENTORY ==========
[SaveManager] Items to save: 24
[SaveManager] Items data: [{ &"item": "", &"quantity": 0 }, { &"item": "", &"quantity": 0 }, { &"item": "", &"quantity": 0 }, { &"item": "", &"quantity": 0 }, { &"item": "", &"quantity": 0 }, { &"item": "", &"quantity": 0 }, { &"item": "", &"quantity": 0 }, { &"item": "", &"quantity": 0 }, { &"item": "", &"quantity": 0 }, { &"item": "", &"quantity": 0 }, { &"item": "", &"quantity": 0 }, { &"item": "", &"quantity": 0 }, { &"item": "", &"quantity": 0 }, { &"item": "", &"quantity": 0 }, { &"item": "", &"quantity": 0 }, { &"item": "", &"quantity": 0 }, { &"item": "", &"quantity": 0 }, { &"item": "", &"quantity": 0 }, { &"item": "", &"quantity": 0 }, { &"item": "", &"quantity": 0 }, { &"item": "", &"quantity": 0 }, { &"item": "", &"quantity": 0 }, { &"item": "", &"quantity": 0 }, { &"item": "", &"quantity": 0 }]
[InventoryData] get_save_data called - 0 non-empty slots out of 24
[SaveManager] ========== SAVING INVENTORY ==========
[SaveManager] Items to save: 24
[SaveManager] Items data: [{ &"item": "", &"quantity": 0 }, { &"item": "", &"quantity": 0 }, { &"item": "", &"quantity": 0 }, { &"item": "", &"quantity": 0 }, { &"item": "", &"quantity": 0 }, { &"item": "", &"quantity": 0 }, { &"item": "", &"quantity": 0 }, { &"item": "", &"quantity": 0 }, { &"item": "", &"quantity": 0 }, { &"item": "", &"quantity": 0 }, { &"item": "", &"quantity": 0 }, { &"item": "", &"quantity": 0 }, { &"item": "", &"quantity": 0 }, { &"item": "", &"quantity": 0 }, { &"item": "", &"quantity": 0 }, { &"item": "", &"quantity": 0 }, { &"item": "", &"quantity": 0 }, { &"item": "", &"quantity": 0 }, { &"item": "", &"quantity": 0 }, { &"item": "", &"quantity": 0 }, { &"item": "", &"quantity": 0 }, { &"item": "", &"quantity": 0 }, { &"item": "", &"quantity": 0 }, { &"item": "", &"quantity": 0 }]
[DatabaseJSON] Saved all player data
